### BTest baseline data generated by btest-diff. Do not edit. Use "btest -U/-u" to update. Requires BTest >= 0.63.
received a MessageType.PROBE message with 4 bytes
line 21: check passed
line 22: check passed
sent MessageType.HELLO message with 23 bytes
received a MessageType.DROP_CONN message with 50 bytes
line 27: check passed
line 28: check passed
