### BTest baseline data generated by btest-diff. Do not edit. Use "btest -U/-u" to update. Requires BTest >= 0.63.
{
  "code": "deserialization_failed",
  "context": "input #1 contained invalid data",
  "type": "error"
}
