### BTest baseline data generated by btest-diff. Do not edit. Use "btest -U/-u" to update. Requires BTest >= 0.63.
[spicy] Mini::Test
[spicy]   f1 = 10000
[spicy]   f2 = 42
