### BTest baseline data generated by btest-diff. Do not edit. Use "btest -U/-u" to update. Requires BTest >= 0.63.
[libspicy] initializing runtime
[libspicy] registered parsers (w/ aliases):
[libspicy]   80/tcp -> Test::X
[libspicy]   80/tcp%orig -> Test::X
[libspicy]   80/tcp%resp -> Test::X
[libspicy]   Test::X -> Test::X
[libspicy]   application/foo -> Test::X
[libspicy] registered parsers for MIME types:
[libspicy]   application/foo -> Test::X
[spicy-driver] [id1] first data chunk: |ab|
[spicy-driver] [id2] block: |12|
[spicy-driver] [id1] next data chunk: |cd|
[spicy-driver] [id2] block: |34|
[spicy-driver] [id1] next data chunk: |ef|
[spicy-driver] [id2] block: |56|
[spicy-driver] [id1] end of data
[spicy-driver] [id1] parsing finished
[spicy-driver] state: current_flows=1 total_flows=2 current_connections=0 total_connections=0
[spicy-driver] memory  : XXX
[spicy-driver] state: current_flows=0 total_flows=2 current_connections=0 total_connections=0
[spicy-driver] memory  : XXX
[spicy-driver] state: current_flows=0 total_flows=2 current_connections=0 total_connections=0
[spicy-driver] memory  : XXX
[libspicy] shutting down runtime
[libspicy] destroying global state
# user_time=XXX ...
