### BTest baseline data generated by btest-diff. Do not edit. Use "btest -U/-u" to update. Requires BTest >= 0.63.
received a MessageType.PROBE message with 4 bytes
line 28: check passed
line 29: check passed
sent MessageType.HELLO message with 23 bytes
received a MessageType.VERSION_SELECT message with 21 bytes
line 34: check passed
line 35: check passed
received a MessageType.PROBE message with 4 bytes
line 42: check passed
line 43: check passed
sent MessageType.HELLO message with 23 bytes
received a MessageType.ORIGINATOR_SYN message with 7 bytes
unpack subscription of size 1
line 48: check passed
line 49: check passed
sent MessageType.RESPONDER_SYN_ACK message with 11 bytes
received a MessageType.ORIGINATOR_ACK message with 0 bytes
line 55: check passed
received a MessageType.DROP_CONN message with 42 bytes
line 58: check passed
line 59: check passed
sent MessageType.PING message with a payload of 43 bytes
received a MessageType.PONG with a payload of 6 bytes
line 65: check passed
line 66: check passed
line 67: check passed
line 68: check passed
line 69: check passed
