### BTest baseline data generated by btest-diff. Do not edit. Use "btest -U/-u" to update. Requires BTest >= 0.63.
received a MessageType.PROBE message with 4 bytes
line 29: check passed
line 30: check passed
sent MessageType.HELLO message with 23 bytes
received a MessageType.HELLO message with 22 bytes
line 35: check passed
line 36: check passed
line 37: check passed
line 38: check passed
sent MessageType.VERSION_SELECT message with 22 bytes
sent MessageType.ORIGINATOR_SYN message with 11 bytes
received a MessageType.RESPONDER_SYN_ACK message with 7 bytes
unpack subscription of size 1
line 46: check passed
line 47: check passed
sent MessageType.ORIGINATOR_ACK message with 1 bytes
sent MessageType.PING message with a payload of 43 bytes
received a MessageType.PONG with a payload of 6 bytes
line 55: check passed
line 56: check passed
line 57: check passed
line 58: check passed
line 59: check passed
